// Jest Snapshot v1, https://goo.gl/fbAQLP

exports[`ErrorText component testing ErrorText 1`] = `
<DocumentFragment>
  <div
    alignitems="center"
    class="sc-hLQSwg jwFztf"
    display="flex"
  >
    <div
      class="sc-guDLey hyQphU"
      pr="0.5"
    >
      <span
        class="sc-beySPh fgKFxv"
        size="18"
      >
        <svg
          viewBox="0 0 20 20"
          xmlns="http://www.w3.org/2000/svg"
        >
          <path
            d="M0,0H19V19H0Z"
            fill="none"
          />
          <path
            d="M10,18a8,8,0,1,1,8-8A8,8,0,0,1,10,18Zm-.8-5.6V14h1.6V12.4ZM9.2,6v4.8h1.6V6Z"
            fill="#EB0A4E"
            transform="translate(-0.25 -0.75)"
          />
        </svg>
      </span>
    </div>
    <p
      align="left"
      class="sc-dmyCSP inNrWi"
      color="#EB0A4E"
      font-size="14px"
      lineheight="1.4"
      weight="normal"
    >
      Error
    </p>
  </div>
</DocumentFragment>
`;
