// Jest Snapshot v1, https://goo.gl/fbAQLP

exports[`Table component testing Table 1`] = `
<DocumentFragment>
  <table
    class="sc-eDLKkx jBPZjD"
  >
    <tbody>
      <tr
        class="sc-dmyCSP fOKiKG"
        verticalspacing="medium"
      >
        <th
          class="sc-hLQSwg kOWhNu"
          width="177px"
        >
          <div
            align="left"
            class="sc-beySPh ieqZmI"
            color="#041C33"
            font-size="14px"
            lineheight="normal"
            weight="bold"
          >
            Title
          </div>
        </th>
        <td
          class="sc-guDLey hJFSJI"
          width="auto"
        >
          <div
            align="left"
            class="sc-beySPh kECpqC"
            color="#041C33"
            font-size="14px"
            lineheight="1.4"
            weight="normal"
          >
            Content
          </div>
        </td>
      </tr>
      <tr
        class="sc-dmyCSP fOKiKG"
        verticalspacing="medium"
      >
        <th
          class="sc-hLQSwg kOWhNu"
          width="177px"
        >
          <div
            align="left"
            class="sc-beySPh ieqZmI"
            color="#041C33"
            font-size="14px"
            lineheight="normal"
            weight="bold"
          >
            Title
          </div>
        </th>
        <td
          class="sc-guDLey hJFSJI"
          width="auto"
        >
          <div
            align="left"
            class="sc-beySPh kECpqC"
            color="#041C33"
            font-size="14px"
            lineheight="1.4"
            weight="normal"
          >
            Content
          </div>
        </td>
      </tr>
      <tr
        class="sc-dmyCSP fOKiKG"
        verticalspacing="medium"
      >
        <th
          class="sc-hLQSwg kOWhNu"
          width="177px"
        >
          <div
            align="left"
            class="sc-beySPh ieqZmI"
            color="#041C33"
            font-size="14px"
            lineheight="normal"
            weight="bold"
          >
            Title
          </div>
        </th>
        <td
          class="sc-guDLey hJFSJI"
          width="auto"
        >
          <div
            align="left"
            class="sc-beySPh kECpqC"
            color="#041C33"
            font-size="14px"
            lineheight="1.4"
            weight="normal"
          >
            Content
          </div>
        </td>
      </tr>
    </tbody>
  </table>
</DocumentFragment>
`;
