// Jest Snapshot v1, https://goo.gl/fbAQLP

exports[`ScrollArea component testing ScrollArea 1`] = `
<DocumentFragment>
  <div
    class="sc-beySPh fVbbQl"
    height="auto"
    maxheight="none"
    minheight="none"
  >
    <div>
      hoge
    </div>
  </div>
</DocumentFragment>
`;
