// Jest Snapshot v1, https://goo.gl/fbAQLP

exports[`Popover component testing Popover 1`] = `
<DocumentFragment>
  <div
    class="sc-guDLey lbIwAZ"
  >
    <div
      class="sc-hLQSwg kxzTQx fade-transition-appear fade-transition-appear-active"
      data-floating-ui-inert=""
    >
      <div
        class="sc-dmyCSP etUlei"
      />
    </div>
    <div
      class="sc-beySPh iYvIZD"
      id=":r0:"
      role="dialog"
      style="position: absolute; top: 0px; left: 0px;"
      tabindex="-1"
    >
      <div>
        hoge
      </div>
    </div>
  </div>
</DocumentFragment>
`;
