// Jest Snapshot v1, https://goo.gl/fbAQLP

exports[`ToggleButton component testing ToggleButton 1`] = `
<DocumentFragment>
  <div
    class="sc-guDLey ktBwIN"
    width="48px"
  >
    <label
      class="sc-gLLuof jZGsab"
      width="48px"
    >
      <input
        class="sc-iBdnpw fINTLH"
        readonly=""
        type="checkbox"
      />
      <div
        class="sc-hLQSwg sc-eDLKkx denzwl iQaBdA"
      >
        <div
          align="left"
          class="sc-beySPh hcMQEi"
          color="#0B82F4"
          font-size="12px"
          lineheight="1.4"
          weight="bold"
        />
      </div>
      <div
        class="sc-hLQSwg sc-jTQCzO denzwl pYsIi"
      >
        <div
          align="right"
          class="sc-beySPh kwYdvj"
          color="#596978"
          font-size="12px"
          lineheight="1.4"
          weight="bold"
        />
      </div>
      <span
        class="sc-dmyCSP krmtia"
      />
    </label>
  </div>
</DocumentFragment>
`;
