// Jest Snapshot v1, https://goo.gl/fbAQLP

exports[`NavigationRail component testing NavigationRail 1`] = `
<DocumentFragment>
  <div
    class="sc-guDLey hdLDKW"
  >
    <div
      class="sc-beySPh kjcmTu"
    >
      <div
        class="sc-dmyCSP gcRnkx"
      >
        Add logo here
      </div>
      <div
        class="sc-hLQSwg bBKONs"
      >
        <div>
          <div
            class="sc-hABBmJ hJGAfJ"
          >
            <div
              class="sc-eTNRI bQwbfj"
            >
              <span
                class="sc-iBdnpw dXujno"
                size="24"
              >
                <svg
                  viewBox="0 0 24 24"
                  xmlns="http://www.w3.org/2000/svg"
                >
                  <path
                    d="M0 0h24v24H0z"
                    fill="none"
                  />
                  <path
                    d="M9.954,2.21a9.99,9.99,0,0,1,4.091,0,4,4,0,0,0,5.412,3.123A9.99,9.99,0,0,1,21.5,8.876a4,4,0,0,0,0,6.248,10.043,10.043,0,0,1-2.046,3.543,4,4,0,0,0-5.41,3.121,9.99,9.99,0,0,1-4.091,0,4,4,0,0,0-5.412-3.125A9.99,9.99,0,0,1,2.5,15.121a4,4,0,0,0,0-6.246A10.043,10.043,0,0,1,4.544,5.332a4,4,0,0,0,5.41-3.121ZM12,15a3,3,0,1,0-3-3A3,3,0,0,0,12,15Z"
                    fill="#0B82F4"
                  />
                </svg>
              </span>
              <span
                class="sc-brSamD levJRC"
                position="top-left"
                variant="normal"
              >
                0
              </span>
            </div>
            <div
              class="sc-fmKFGs fAppKM"
            >
              <span
                align="left"
                class="sc-jsEeTM kyHhOK sc-fHejqy kPRpBV"
                color="#0B82F4"
                font-size="13px"
                lineheight="1.4"
                weight="bold"
              >
                Settings
              </span>
            </div>
            <div
              class="sc-blmEgr hzyTNV"
            >
              <span
                class="sc-iBdnpw cWhIRg"
                size="18"
              >
                <svg
                  viewBox="0 0 24 24"
                  xmlns="http://www.w3.org/2000/svg"
                >
                  <path
                    d="M0,0H24V24H0Z"
                    fill="none"
                  />
                  <path
                    d="M13.414,16.886,7.757,11.228,9.644,9.343l3.771,3.772,3.771-3.772,1.887,1.885Z"
                    fill="#0B82F4"
                    transform="translate(-1.414 -1.114)"
                  />
                </svg>
              </span>
            </div>
          </div>
          <div
            class="sc-ifyrAs epFYJR"
            height="auto"
          >
            <div
              class="sc-dJGMql bCqRHE"
            >
              <div
                align="left"
                class="sc-jsEeTM kyHhOK sc-hIPBNq dTNfum"
                color="#0B82F4"
                font-size="13px"
                lineheight="1.4"
                weight="bold"
              >
                Account Setting
              </div>
              <span
                class="sc-ktwOfi ewHZZo"
              >
                0
              </span>
            </div>
          </div>
        </div>
        <div
          class="sc-kFCroH gBDyhz"
        >
          <div
            class="sc-eTNRI bQwbfj"
          >
            <span
              class="sc-iBdnpw dXujno"
              size="24"
            >
              <svg
                viewBox="0 0 24 24"
                xmlns="http://www.w3.org/2000/svg"
              >
                <path
                  d="M0 0h24v24H0V0z"
                  fill="none"
                />
                <path
                  d="M19 5v2h-4V5h4M9 5v6H5V5h4m10 8v6h-4v-6h4M9 17v2H5v-2h4M21 3h-8v6h8V3zM11 3H3v10h8V3zm10 8h-8v10h8V11zm-10 4H3v6h8v-6z"
                  fill="#041C33"
                />
              </svg>
            </span>
            <span
              class="sc-brSamD levJRC"
              position="top-left"
              variant="normal"
            >
              0
            </span>
          </div>
          <div
            class="sc-irLvIq guaSDP"
          >
            <span
              align="left"
              class="sc-jsEeTM cqMyGi sc-csKJxZ bpLjaX"
              color="#041C33"
              font-size="13px"
              lineheight="1.4"
              weight="bold"
            >
              Dashboard
            </span>
          </div>
          <span
            class="sc-ktwOfi ewHZZo"
          >
            0
          </span>
        </div>
      </div>
      <div
        class="sc-eDLKkx cXkUaX"
      >
        <div
          class="sc-gLLuof hA-DeGv"
        >
          <span
            class="sc-iBdnpw cWhIRg"
            size="18"
          >
            <svg
              viewBox="0 0 18 18"
              xmlns="http://www.w3.org/2000/svg"
            >
              <path
                d="M0,0H18V18H0Z"
                fill="none"
              />
              <path
                d="M12,15,7.757,10.757,9.172,9.343,12,12.172l2.828-2.829,1.415,1.414Z"
                fill="#596978"
                transform="translate(23.171 -2.829) rotate(90)"
              />
              <path
                d="M12,15,7.757,10.757,9.172,9.343,12,12.172l2.828-2.829,1.415,1.414Z"
                fill="#596978"
                transform="translate(19.171 -2.829) rotate(90)"
              />
            </svg>
          </span>
        </div>
      </div>
    </div>
    <div
      class="sc-jTQCzO bCiBNQ"
    >
      hogehoge
    </div>
  </div>
</DocumentFragment>
`;
