// Jest Snapshot v1, https://goo.gl/fbAQLP

exports[`WeekTimeSelector component testing WeekTimeSelector 1`] = `
<DocumentFragment>
  <div
    class="sc-beySPh"
  >
    <div
      class="sc-gLLuof kMtlrZ"
    >
      <div
        class="sc-iBdnpw sc-jsEeTM gupjUe eljFLm"
      />
      <div
        class="sc-iBdnpw sc-qZrbh gupjUe hjQdZr"
      >
        0
      </div>
      <div
        class="sc-iBdnpw sc-qZrbh gupjUe hjQdZr"
      >
        1
      </div>
      <div
        class="sc-iBdnpw sc-qZrbh gupjUe hjQdZr"
      >
        2
      </div>
      <div
        class="sc-iBdnpw sc-qZrbh gupjUe hjQdZr"
      >
        3
      </div>
      <div
        class="sc-iBdnpw sc-qZrbh gupjUe hjQdZr"
      >
        4
      </div>
      <div
        class="sc-iBdnpw sc-qZrbh gupjUe hjQdZr"
      >
        5
      </div>
      <div
        class="sc-iBdnpw sc-qZrbh gupjUe hjQdZr"
      >
        6
      </div>
      <div
        class="sc-iBdnpw sc-qZrbh gupjUe hjQdZr"
      >
        7
      </div>
      <div
        class="sc-iBdnpw sc-qZrbh gupjUe hjQdZr"
      >
        8
      </div>
      <div
        class="sc-iBdnpw sc-qZrbh gupjUe hjQdZr"
      >
        9
      </div>
      <div
        class="sc-iBdnpw sc-qZrbh gupjUe hjQdZr"
      >
        10
      </div>
      <div
        class="sc-iBdnpw sc-qZrbh gupjUe hjQdZr"
      >
        11
      </div>
      <div
        class="sc-iBdnpw sc-qZrbh gupjUe hjQdZr"
      >
        12
      </div>
      <div
        class="sc-iBdnpw sc-qZrbh gupjUe hjQdZr"
      >
        13
      </div>
      <div
        class="sc-iBdnpw sc-qZrbh gupjUe hjQdZr"
      >
        14
      </div>
      <div
        class="sc-iBdnpw sc-qZrbh gupjUe hjQdZr"
      >
        15
      </div>
      <div
        class="sc-iBdnpw sc-qZrbh gupjUe hjQdZr"
      >
        16
      </div>
      <div
        class="sc-iBdnpw sc-qZrbh gupjUe hjQdZr"
      >
        17
      </div>
      <div
        class="sc-iBdnpw sc-qZrbh gupjUe hjQdZr"
      >
        18
      </div>
      <div
        class="sc-iBdnpw sc-qZrbh gupjUe hjQdZr"
      >
        19
      </div>
      <div
        class="sc-iBdnpw sc-qZrbh gupjUe hjQdZr"
      >
        20
      </div>
      <div
        class="sc-iBdnpw sc-qZrbh gupjUe hjQdZr"
      >
        21
      </div>
      <div
        class="sc-iBdnpw sc-qZrbh gupjUe hjQdZr"
      >
        22
      </div>
      <div
        class="sc-iBdnpw sc-qZrbh gupjUe hjQdZr"
      >
        23
      </div>
      <div
        class="sc-iBdnpw sc-fsYfdN gupjUe ifjKhx"
      >
        Sun
      </div>
      <button
        class="sc-guDLey gbJnd"
      />
      <button
        class="sc-guDLey gbJnd"
      />
      <button
        class="sc-guDLey gbJnd"
      />
      <button
        class="sc-guDLey gbJnd"
      />
      <button
        class="sc-guDLey gbJnd"
      />
      <button
        class="sc-guDLey gbJnd"
      />
      <button
        class="sc-guDLey gbJnd"
      />
      <button
        class="sc-guDLey gbJnd"
      />
      <button
        class="sc-guDLey gbJnd"
      />
      <button
        class="sc-guDLey gbJnd"
      />
      <button
        class="sc-guDLey gbJnd"
      />
      <button
        class="sc-guDLey gbJnd"
      />
      <button
        class="sc-guDLey gbJnd"
      />
      <button
        class="sc-guDLey gbJnd"
      />
      <button
        class="sc-guDLey gbJnd"
      />
      <button
        class="sc-guDLey gbJnd"
      />
      <button
        class="sc-guDLey gbJnd"
      />
      <button
        class="sc-guDLey gbJnd"
      />
      <button
        class="sc-guDLey gbJnd"
      />
      <button
        class="sc-guDLey gbJnd"
      />
      <button
        class="sc-guDLey gbJnd"
      />
      <button
        class="sc-guDLey gbJnd"
      />
      <button
        class="sc-guDLey gbJnd"
      />
      <button
        class="sc-guDLey gbJnd"
      />
      <div
        class="sc-iBdnpw sc-fsYfdN gupjUe ifjKhx"
      >
        Mon
      </div>
      <button
        class="sc-guDLey gbJnd"
      />
      <button
        class="sc-guDLey gbJnd"
      />
      <button
        class="sc-guDLey gbJnd"
      />
      <button
        class="sc-guDLey gbJnd"
      />
      <button
        class="sc-guDLey gbJnd"
      />
      <button
        class="sc-guDLey gbJnd"
      />
      <button
        class="sc-guDLey gbJnd"
      />
      <button
        class="sc-guDLey gbJnd"
      />
      <button
        class="sc-guDLey gbJnd"
      />
      <button
        class="sc-guDLey gbJnd"
      />
      <button
        class="sc-guDLey gbJnd"
      />
      <button
        class="sc-guDLey gbJnd"
      />
      <button
        class="sc-guDLey gbJnd"
      />
      <button
        class="sc-guDLey gbJnd"
      />
      <button
        class="sc-guDLey gbJnd"
      />
      <button
        class="sc-guDLey gbJnd"
      />
      <button
        class="sc-guDLey gbJnd"
      />
      <button
        class="sc-guDLey gbJnd"
      />
      <button
        class="sc-guDLey gbJnd"
      />
      <button
        class="sc-guDLey gbJnd"
      />
      <button
        class="sc-guDLey gbJnd"
      />
      <button
        class="sc-guDLey gbJnd"
      />
      <button
        class="sc-guDLey gbJnd"
      />
      <button
        class="sc-guDLey gbJnd"
      />
      <div
        class="sc-iBdnpw sc-fsYfdN gupjUe ifjKhx"
      >
        Tue
      </div>
      <button
        class="sc-guDLey gbJnd"
      />
      <button
        class="sc-guDLey gbJnd"
      />
      <button
        class="sc-guDLey gbJnd"
      />
      <button
        class="sc-guDLey gbJnd"
      />
      <button
        class="sc-guDLey gbJnd"
      />
      <button
        class="sc-guDLey gbJnd"
      />
      <button
        class="sc-guDLey gbJnd"
      />
      <button
        class="sc-guDLey gbJnd"
      />
      <button
        class="sc-guDLey gbJnd"
      />
      <button
        class="sc-guDLey gbJnd"
      />
      <button
        class="sc-guDLey gbJnd"
      />
      <button
        class="sc-guDLey gbJnd"
      />
      <button
        class="sc-guDLey gbJnd"
      />
      <button
        class="sc-guDLey gbJnd"
      />
      <button
        class="sc-guDLey gbJnd"
      />
      <button
        class="sc-guDLey gbJnd"
      />
      <button
        class="sc-guDLey gbJnd"
      />
      <button
        class="sc-guDLey gbJnd"
      />
      <button
        class="sc-guDLey gbJnd"
      />
      <button
        class="sc-guDLey gbJnd"
      />
      <button
        class="sc-guDLey gbJnd"
      />
      <button
        class="sc-guDLey gbJnd"
      />
      <button
        class="sc-guDLey gbJnd"
      />
      <button
        class="sc-guDLey gbJnd"
      />
      <div
        class="sc-iBdnpw sc-fsYfdN gupjUe ifjKhx"
      >
        Wed
      </div>
      <button
        class="sc-guDLey gbJnd"
      />
      <button
        class="sc-guDLey gbJnd"
      />
      <button
        class="sc-guDLey gbJnd"
      />
      <button
        class="sc-guDLey gbJnd"
      />
      <button
        class="sc-guDLey gbJnd"
      />
      <button
        class="sc-guDLey gbJnd"
      />
      <button
        class="sc-guDLey gbJnd"
      />
      <button
        class="sc-guDLey gbJnd"
      />
      <button
        class="sc-guDLey gbJnd"
      />
      <button
        class="sc-guDLey gbJnd"
      />
      <button
        class="sc-guDLey gbJnd"
      />
      <button
        class="sc-guDLey gbJnd"
      />
      <button
        class="sc-guDLey gbJnd"
      />
      <button
        class="sc-guDLey gbJnd"
      />
      <button
        class="sc-guDLey gbJnd"
      />
      <button
        class="sc-guDLey gbJnd"
      />
      <button
        class="sc-guDLey gbJnd"
      />
      <button
        class="sc-guDLey gbJnd"
      />
      <button
        class="sc-guDLey gbJnd"
      />
      <button
        class="sc-guDLey gbJnd"
      />
      <button
        class="sc-guDLey gbJnd"
      />
      <button
        class="sc-guDLey gbJnd"
      />
      <button
        class="sc-guDLey gbJnd"
      />
      <button
        class="sc-guDLey gbJnd"
      />
      <div
        class="sc-iBdnpw sc-fsYfdN gupjUe ifjKhx"
      >
        Thu
      </div>
      <button
        class="sc-guDLey gbJnd"
      />
      <button
        class="sc-guDLey gbJnd"
      />
      <button
        class="sc-guDLey gbJnd"
      />
      <button
        class="sc-guDLey gbJnd"
      />
      <button
        class="sc-guDLey gbJnd"
      />
      <button
        class="sc-guDLey gbJnd"
      />
      <button
        class="sc-guDLey gbJnd"
      />
      <button
        class="sc-guDLey gbJnd"
      />
      <button
        class="sc-guDLey gbJnd"
      />
      <button
        class="sc-guDLey gbJnd"
      />
      <button
        class="sc-guDLey gbJnd"
      />
      <button
        class="sc-guDLey gbJnd"
      />
      <button
        class="sc-guDLey gbJnd"
      />
      <button
        class="sc-guDLey gbJnd"
      />
      <button
        class="sc-guDLey gbJnd"
      />
      <button
        class="sc-guDLey gbJnd"
      />
      <button
        class="sc-guDLey gbJnd"
      />
      <button
        class="sc-guDLey gbJnd"
      />
      <button
        class="sc-guDLey gbJnd"
      />
      <button
        class="sc-guDLey gbJnd"
      />
      <button
        class="sc-guDLey gbJnd"
      />
      <button
        class="sc-guDLey gbJnd"
      />
      <button
        class="sc-guDLey gbJnd"
      />
      <button
        class="sc-guDLey gbJnd"
      />
      <div
        class="sc-iBdnpw sc-fsYfdN gupjUe ifjKhx"
      >
        Fri
      </div>
      <button
        class="sc-guDLey gbJnd"
      />
      <button
        class="sc-guDLey gbJnd"
      />
      <button
        class="sc-guDLey gbJnd"
      />
      <button
        class="sc-guDLey gbJnd"
      />
      <button
        class="sc-guDLey gbJnd"
      />
      <button
        class="sc-guDLey gbJnd"
      />
      <button
        class="sc-guDLey gbJnd"
      />
      <button
        class="sc-guDLey gbJnd"
      />
      <button
        class="sc-guDLey gbJnd"
      />
      <button
        class="sc-guDLey gbJnd"
      />
      <button
        class="sc-guDLey gbJnd"
      />
      <button
        class="sc-guDLey gbJnd"
      />
      <button
        class="sc-guDLey gbJnd"
      />
      <button
        class="sc-guDLey gbJnd"
      />
      <button
        class="sc-guDLey gbJnd"
      />
      <button
        class="sc-guDLey gbJnd"
      />
      <button
        class="sc-guDLey gbJnd"
      />
      <button
        class="sc-guDLey gbJnd"
      />
      <button
        class="sc-guDLey gbJnd"
      />
      <button
        class="sc-guDLey gbJnd"
      />
      <button
        class="sc-guDLey gbJnd"
      />
      <button
        class="sc-guDLey gbJnd"
      />
      <button
        class="sc-guDLey gbJnd"
      />
      <button
        class="sc-guDLey gbJnd"
      />
      <div
        class="sc-iBdnpw sc-fsYfdN gupjUe ifjKhx"
      >
        Sat
      </div>
      <button
        class="sc-guDLey gbJnd"
      />
      <button
        class="sc-guDLey gbJnd"
      />
      <button
        class="sc-guDLey gbJnd"
      />
      <button
        class="sc-guDLey gbJnd"
      />
      <button
        class="sc-guDLey gbJnd"
      />
      <button
        class="sc-guDLey gbJnd"
      />
      <button
        class="sc-guDLey gbJnd"
      />
      <button
        class="sc-guDLey gbJnd"
      />
      <button
        class="sc-guDLey gbJnd"
      />
      <button
        class="sc-guDLey gbJnd"
      />
      <button
        class="sc-guDLey gbJnd"
      />
      <button
        class="sc-guDLey gbJnd"
      />
      <button
        class="sc-guDLey gbJnd"
      />
      <button
        class="sc-guDLey gbJnd"
      />
      <button
        class="sc-guDLey gbJnd"
      />
      <button
        class="sc-guDLey gbJnd"
      />
      <button
        class="sc-guDLey gbJnd"
      />
      <button
        class="sc-guDLey gbJnd"
      />
      <button
        class="sc-guDLey gbJnd"
      />
      <button
        class="sc-guDLey gbJnd"
      />
      <button
        class="sc-guDLey gbJnd"
      />
      <button
        class="sc-guDLey gbJnd"
      />
      <button
        class="sc-guDLey gbJnd"
      />
      <button
        class="sc-guDLey gbJnd"
      />
    </div>
  </div>
</DocumentFragment>
`;
