// Jest Snapshot v1, https://goo.gl/fbAQLP

exports[`ContextMenu component testing ContextMenu 1`] = `
<DocumentFragment>
  <button
    bordercolor="#9CDDFD"
    class="sc-csKJxZ dRYuVn sc-eTNRI bmci"
    data-floating-ui-inert=""
    data-testid="icon-wrapper"
    hoverbackgroundcolor="#CDF0FE"
    normalbackgroundcolor="#F2F9FC"
  >
    <span
      class="sc-iBdnpw cWhIRg"
      size="18"
    >
      <svg
        viewBox="0 0 18 18"
        xmlns="http://www.w3.org/2000/svg"
      >
        <path
          d="M0 0h18v18H0z"
          fill="none"
        />
        <path
          d="M11.5,3A1.5,1.5,0,1,0,13,4.5,1.5,1.5,0,0,0,11.5,3Zm0,10.5A1.5,1.5,0,1,0,13,15,1.5,1.5,0,0,0,11.5,13.5Zm0-5.25A1.5,1.5,0,1,0,13,9.75,1.5,1.5,0,0,0,11.5,8.25Z"
          fill="#0B82F4"
          transform="translate(-2.5 -0.75)"
        />
      </svg>
    </span>
  </button>
  <div
    class="sc-jsEeTM iKKwDz"
  >
    <div
      class="sc-irLvIq iCNuCW fade-transition-enter fade-transition-enter-active"
    >
      <div
        class="sc-kFCroH effcRN"
      />
    </div>
    <div
      class="sc-qZrbh eACKVt"
      id=":r0:"
      role="dialog"
      style="position: absolute; top: 0px; left: 0px;"
      tabindex="-1"
    >
      <div
        class="sc-guDLey cEicFc"
        maxheight="none"
      >
        <div
          active="[object Object]"
          class="sc-jTQCzO jHZsqo"
          hover="[object Object]"
          normal="[object Object]"
        >
          <p
            align="left"
            class="sc-beySPh gYdMCB sc-eDLKkx"
            color="#041C33"
            font-size="13px"
            lineheight="1.4"
            weight="normal"
          >
            Save
          </p>
        </div>
        <hr
          class="sc-gLLuof cBLtSu"
          color="#E2E8EA"
          mx="2"
          my="1"
          orientation="horizontal"
        />
        <div
          active="[object Object]"
          class="sc-jTQCzO jHZsqo"
          hover="[object Object]"
          normal="[object Object]"
        >
          <p
            align="left"
            class="sc-beySPh gYdMCB sc-eDLKkx"
            color="#041C33"
            font-size="13px"
            lineheight="1.4"
            weight="normal"
          >
            Save and execute
          </p>
        </div>
        <div
          active="[object Object]"
          class="sc-jTQCzO jHZsqo"
          hover="[object Object]"
          normal="[object Object]"
        >
          <p
            align="left"
            class="sc-beySPh gYdMCB sc-eDLKkx"
            color="#041C33"
            font-size="13px"
            lineheight="1.4"
            weight="normal"
          >
            Save as draft
          </p>
        </div>
        <hr
          class="sc-gLLuof cBLtSu"
          color="#E2E8EA"
          mx="2"
          my="1"
          orientation="horizontal"
        />
        <div
          active="[object Object]"
          class="sc-jTQCzO jHZsqo"
          hover="[object Object]"
          normal="[object Object]"
        >
          <p
            align="left"
            class="sc-beySPh gYdMCB sc-eDLKkx"
            color="#041C33"
            font-size="13px"
            lineheight="1.4"
            weight="normal"
          >
            Delete
          </p>
        </div>
      </div>
    </div>
  </div>
</DocumentFragment>
`;
