// Jest Snapshot v1, https://goo.gl/fbAQLP

exports[`Checkbox component testing Checkbox 1`] = `
<DocumentFragment>
  <label
    class="sc-guDLey gUYhIi"
  >
    <input
      class="sc-beySPh JIjwR"
      readonly=""
      type="checkbox"
    />
    <span
      class="sc-dmyCSP cKZyLM"
    />
  </label>
</DocumentFragment>
`;
