// Jest Snapshot v1, https://goo.gl/fbAQLP

exports[`Backdrop component testing Backdrop 1`] = `
<DocumentFragment>
  <div
    class="sc-guDLey gtsGCV fade-transition-appear fade-transition-appear-active"
  >
    <div
      class="sc-beySPh kJklLG"
    />
  </div>
</DocumentFragment>
`;
